// Jest Snapshot v1, https://goo.gl/fbAQLP

exports[`should match snapshot 1`] = `
<DocumentFragment>
  <div>
    <h2 />
    <button
      data-testid="remove-undefined"
    >
      X
    </button>
  </div>
</DocumentFragment>
`;
