// Jest Snapshot v1, https://goo.gl/fbAQLP

exports[`should match snapshot 1`] = `
<DocumentFragment>
  <div
    class=""
  >
    <div>
      <div>
        <div
          data-testid="blue"
          style="width: 100px; height: 100px; background-color: blue;"
        />
        <button
          data-testid="remove-blue"
          id="3817f664-ffb9-47ec-86cf-cb94673e92d0"
        >
          X
        </button>
      </div>
      <div>
        <div
          data-testid="red"
          style="width: 100px; height: 100px; background-color: red;"
        />
        <button
          data-testid="remove-red"
          id="6862815e-bf31-455e-ab9a-0e9c7f0aec57"
        >
          X
        </button>
      </div>
      <form>
        <input
          data-testid="new-box-width-input"
          id="width"
          name="width"
          placeholder="width"
          type="text"
          value=""
        />
        <input
          data-testid="new-box-height-input"
          id="height"
          name="height"
          placeholder="height"
          type="text"
          value=""
        />
        <input
          data-testid="new-box-color-input"
          id="color"
          name="color"
          placeholder="color"
          type="text"
          value=""
        />
        <button
          data-testid="new-box-submit-btn"
        >
          Add box
        </button>
      </form>
    </div>
  </div>
</DocumentFragment>
`;
